-- syringe inject

<!DOCTYPE html>
<html lang="en">
  <head>
    <meta charset="UTF-8" />
    <meta name="viewport" content="width=device-width, initial-scale=1.0" />
    <title>Terms of Use</title>
  </head>
  <body>
    <h1>Terms of Use for the Village Roots Collective Website</h1>

    <h2>1. Acceptance of Terms</h2>
    <p>
      By accessing and using the Village Roots Collective website, you agree to be bound by these Terms of Use. If you do
      not agree to these terms, please do not use our site.
    </p>

    <h2>2. Use of Site Materials</h2>
    <p>
      All content and materials on this website, including but not limited to text, graphics, photographs, logos, and
      artwork, are the sole property of Village Roots Collective and are protected by copyright law. These materials may
      not be copied, reproduced, republished, uploaded, posted, transmitted, or distributed in any way without our prior
      written permission, except as follows:
    </p>
    <ul>
      <li>Visitors may download material for personal, non-commercial home use only.</li>
      <li>
        Educators may use the materials for educational purposes in their classrooms, provided that such use does not
        imply endorsement by Village Roots Collective.
      </li>
    </ul>

    <h2>3. Prohibited Use</h2>
    <p>
      You may not use the content of this website for any commercial purpose, or for any public display (commercial or
      non-commercial) without prior written consent from Village Roots Collective. Additionally, you may not modify,
      decompile, reverse engineer, or create derivative works from the content.
    </p>

    <h2>4. Copyright and Trademark Notices</h2>
    <p>
      All trademarks, service marks, and trade names used on the site are proprietary to Village Roots Collective or
      other respective owners that have granted the site the right to use such marks.
    </p>

    <h2>5. Changes to Terms of Use</h2>
    <p>
      Village Roots Collective reserves the right to change these Terms of Use at any time without prior notice. Your
      continued use of the site following any changes indicates your acceptance of these revised terms.
    </p>

    <h2>6. Contact Information</h2>
    <p>
    If you have any questions or need permissions beyond the scope of this agreement, please contact us at <a href="mailto:jamie@villagerootscollective.org">jamie@villagerootscollective.org</a>.
    </p>
  </body>
</html>
